// Jest Snapshot v1, https://goo.gl/fbAQLP

exports[`LoadingBar component matches snapshot 1`] = `
<div
  id="loader-wrapper"
>
  <div
    id="loader"
  />
</div>
`;
