// Jest Snapshot v1, https://goo.gl/fbAQLP

exports[`LoadingTimeline component matches snapshot 1`] = `
<div
  className="flex-column timelineLoding"
>
  <div
    className="flex-row-center"
  >
    <div
      className="loadingCircle"
      style={
        Object {
          "marginRight": 12,
        }
      }
    />
    <div
      style={
        Object {
          "flex": "1 1 auto",
        }
      }
    >
      <div
        className="flex-row-center"
      >
        <div
          className="loadingLine"
          style={
            Object {
              "flex": "1 1 0",
            }
          }
        />
      </div>
      <div
        className="flex-row-center"
      >
        <div
          style={
            Object {
              "flex": "1 1 0",
            }
          }
        >
          <div
            className="loadingLine"
            style={
              Object {
                "flex": "1 1 0",
              }
            }
          />
        </div>
      </div>
    </div>
  </div>
  <div
    style={
      Object {
        "flex": "1 1 0",
        "marginTop": 6,
      }
    }
  >
    <div
      className="loadingLine"
      style={
        Object {
          "flex": "1 1 0",
        }
      }
    />
    <div
      className="loadingLine"
      style={
        Object {
          "flex": "1 1 0",
        }
      }
    />
    <div
      className="loadingLine"
      style={
        Object {
          "flex": "1 1 0",
        }
      }
    />
    <div
      className="loadingBox"
      style={
        Object {
          "flex": "1 1 0",
        }
      }
    />
  </div>
</div>
`;
